// Jest Snapshot v1, https://goo.gl/fbAQLP

exports[`Typography Should match snapshot 1`] = `
.c0 {
  line-height: 1.2em;
  margin-top: 1em;
  margin-bottom: 1.05rem;
  font-size: 2.488rem;
  -webkit-letter-spacing: normal;
  -moz-letter-spacing: normal;
  -ms-letter-spacing: normal;
  letter-spacing: normal;
  font-weight: bolder;
  color: #144658;
}

@media (max-width:989.95px) {
  .c0 {
    font-size: 2.074rem;
    -webkit-letter-spacing: 0.0025em;
    -moz-letter-spacing: 0.0025em;
    -ms-letter-spacing: 0.0025em;
    letter-spacing: 0.0025em;
    font-weight: bolder;
  }
}

<h1
  class="c0"
  color="primary"
>
  Hello I am a Typography
</h1>
`;
