// Jest Snapshot v1, https://goo.gl/fbAQLP

exports[`Link Should match snapshot 1`] = `
<a
  class=""
  href="#!"
>
  Hello World
</a>
`;
